// Jest Snapshot v1, https://goo.gl/fbAQLP

exports[`Home should match the snapshot 1`] = `
<View
  style={
    Object {
      "alignItems": "center",
      "flex": 1,
      "justifyContent": "center",
    }
  }
>
  <Text
    style={
      Array [
        Object {
          "fontSize": 18,
          "fontWeight": "700",
        },
        Object {
          "color": "rgb(28, 28, 30)",
        },
      ]
    }
  >
    Welcome
     
    johndoe
  </Text>
</View>
`;
